tiny-json.h:89:27:json_getValue	16	static
tiny-json.h:96:26:json_getType	16	static
main.c:215:1:__io_putchar	16	static
main.c:234:6:Get_Json_login	128	static
main.c:269:6:Get_Json_changepass	136	static
main.c:303:6:Get_Json_collect_air_quality	16	static
main.c:307:6:Get_Json_control	128	static
main.c:401:6:receive_handler_collect	24	static
main.c:419:6:receive_handler_login	24	static
main.c:440:6:receive_handler_control	24	static
main.c:463:6:Subcribes_MQTT_New	8	static
main.c:479:10:xiaomi_fan_read	8	static
main.c:490:6:setUVState	16	static
main.c:495:6:setIONState	16	static
main.c:500:13:updateAirAQI	80	static
main.c:522:6:sysMode2Str	16	static
main.c:534:6:ion2Str	16	static
main.c:543:6:speed2Str	16	static
main.c:558:6:updateControlState	80	static
main.c:634:6:init_MQTT	32	static
main.c:686:6:init_MQTT_New	32	static
main.c:738:5:publish	40	static
main.c:752:13:receive_handler	24	static
main.c:871:6:subcribesMQTT	8	static
main.c:902:6:HAL_UART_RxCpltCallback	32	static
main.c:959:6:Control_IR	8	static
main.c:1012:6:Receive_IR	16	static
main.c:1056:6:Check_button	8	static
main.c:1104:6:Check_long_button	8	static
main.c:1132:5:main	48	static
main.c:1296:6:HAL_GPIO_EXTI_Callback	16	static
main.c:1313:6:HAL_TIM_PeriodElapsedCallback	16	static
main.c:1353:6:SystemClock_Config	88	static
main.c:1397:13:MX_I2C2_Init	8	static
main.c:1431:13:MX_SPI2_Init	8	static
main.c:1469:13:MX_SPI3_Init	8	static
main.c:1507:13:MX_TIM1_Init	96	static
main.c:1582:13:MX_TIM2_Init	64	static
main.c:1641:13:MX_TIM3_Init	32	static
main.c:1686:13:MX_TIM5_Init	32	static
main.c:1734:13:MX_TIM9_Init	24	static
main.c:1772:13:MX_USART1_UART_Init	8	static
main.c:1805:13:MX_USART2_UART_Init	8	static
main.c:1838:13:MX_USART6_UART_Init	8	static
main.c:1871:13:MX_GPIO_Init	48	static
main.c:1946:6:Error_Handler	4	static
