stm32f4xx_it.c:76:6:NMI_Handler	4	static
stm32f4xx_it.c:89:6:HardFault_Handler	4	static
stm32f4xx_it.c:104:6:MemManage_Handler	4	static
stm32f4xx_it.c:119:6:BusFault_Handler	4	static
stm32f4xx_it.c:134:6:UsageFault_Handler	4	static
stm32f4xx_it.c:149:6:SVC_Handler	4	static
stm32f4xx_it.c:162:6:DebugMon_Handler	4	static
stm32f4xx_it.c:175:6:PendSV_Handler	4	static
stm32f4xx_it.c:188:6:SysTick_Handler	16	static
stm32f4xx_it.c:209:6:EXTI9_5_IRQHandler	8	static
stm32f4xx_it.c:224:6:TIM1_BRK_TIM9_IRQHandler	8	static
stm32f4xx_it.c:239:6:TIM1_CC_IRQHandler	8	static
stm32f4xx_it.c:253:6:TIM2_IRQHandler	8	static
stm32f4xx_it.c:267:6:TIM3_IRQHandler	8	static
stm32f4xx_it.c:281:6:USART1_IRQHandler	8	static
stm32f4xx_it.c:295:6:USART2_IRQHandler	8	static
stm32f4xx_it.c:309:6:EXTI15_10_IRQHandler	8	static
stm32f4xx_it.c:323:6:USART6_IRQHandler	8	static
