tiny-json.h:89:27:json_getValue	16	static
tiny-json.h:96:26:json_getType	16	static
tiny-json.c:43:15:json_getProperty	24	static
tiny-json.c:52:13:json_getPropertyValue	24	static
tiny-json.c:70:15:json_createWithPool	24	static
tiny-json.c:83:15:json_create	48	static
tiny-json.c:99:13:getEscape	24	static
tiny-json.c:117:22:getCharFromUnicode	24	static
tiny-json.c:130:14:parseString	32	static
tiny-json.c:161:14:propertyName	16	static
tiny-json.c:176:14:textValue	16	static
tiny-json.c:189:14:checkStr	16	static
tiny-json.c:204:14:primitiveValue	24	static
tiny-json.c:218:14:trueValue	16	static
tiny-json.c:228:14:falseValue	16	static
tiny-json.c:238:14:nullValue	16	static
tiny-json.c:246:14:expValue	16	static
tiny-json.c:257:14:fraqValue	16	static
tiny-json.c:270:14:numValue	40	static
tiny-json.c:313:13:add	16	static
tiny-json.c:329:14:objValue	40	static
tiny-json.c:389:16:poolInit	24	static
tiny-json.c:399:16:poolAlloc	24	static
tiny-json.c:409:13:isOneOfThem	16	static
tiny-json.c:420:14:goWhile	16	static
tiny-json.c:434:14:goBlank	16	static
tiny-json.c:441:14:goNum	16	static
tiny-json.c:455:14:setToNull	16	static
tiny-json.c:461:13:isEndOfPrimitive	16	static
